// Jest Snapshot v1, https://goo.gl/fbAQLP

exports[`input renders Input 1`] = `
<input
  onChange={[Function]}
  style={
    Object {
      "color": "red",
    }
  }
  value="Hello"
/>
`;
